
[31;1mError[0m:
  expected a valid Perl regex

  12 | 
  13 | ...... "))) ^SATISFIABLE".
  ------------------------------------------------------------
[34;1mContext[0m:
  expected a stanza

   9 | 
  10 | (prover
  ...
  13 |   (sat "))) ^SATISFIABLE")
  14 |   (cmd "minisat -cpu-lim=$timeout $file"))
  
