[2Ktesting with 1 provers, 3 problems…
[2KOK
STAT:
provers      │fake1
─────────────┼─────
sat          │1
─────────────┼─────
unsat        │1
─────────────┼─────
sat+unsat    │[1;32m2[0m
─────────────┼─────
errors       │0
─────────────┼─────
valid_proof  │0
─────────────┼─────
invalid_proof│0
─────────────┼─────
unknown      │1
─────────────┼─────
timeout      │0
─────────────┼─────
memory       │0
─────────────┼─────
total        │3
─────────────┼─────
total_time   │1s
ANALYSIS:
provers      │fake1
─────────────┼─────
improved     │0
─────────────┼─────
ok           │[1;32m3[0m
─────────────┼─────
disappoint   │0
─────────────┼─────
bad          │0
─────────────┼─────
valid proof  │0
─────────────┼─────
invalid proof│0
─────────────┼─────
errors       │0
─────────────┼─────
total        │3
