[2Ktesting with 2 provers, 3 problems…
[2KOK
STAT:
provers      │fake2│fake1
─────────────┼─────┼─────
sat          │1    │1
─────────────┼─────┼─────
unsat        │1    │1
─────────────┼─────┼─────
sat+unsat    │[1;32m2[0m    │[1;32m2[0m
─────────────┼─────┼─────
errors       │0    │0
─────────────┼─────┼─────
valid_proof  │[1;32m1[0m    │0
─────────────┼─────┼─────
invalid_proof│0    │0
─────────────┼─────┼─────
unknown      │1    │1
─────────────┼─────┼─────
timeout      │0    │0
─────────────┼─────┼─────
memory       │0    │0
─────────────┼─────┼─────
total        │3    │3
─────────────┼─────┼─────
total_time   │1s   │1s
ANALYSIS:
provers      │fake2│fake1
─────────────┼─────┼─────
improved     │0    │0
─────────────┼─────┼─────
ok           │[1;32m3[0m    │[1;32m3[0m
─────────────┼─────┼─────
disappoint   │0    │0
─────────────┼─────┼─────
bad          │0    │0
─────────────┼─────┼─────
valid proof  │[1;32m1[0m    │0
─────────────┼─────┼─────
invalid proof│0    │0
─────────────┼─────┼─────
errors       │0    │0
─────────────┼─────┼─────
total        │3    │3
